{"key": "tauri-1", "repo": "tauri", "mb_is_base": true, "u3_same_body": true, "u3_exact": true, "u3d_exact": false, "qodo": 14090, "w": 336286, "wd": 336239, "ratio_w": 23.87, "ratio_wd": 23.86}
{"key": "Ghost-1", "repo": "Ghost", "mb_is_base": true, "u3_same_body": true, "u3_exact": true, "u3d_exact": true, "qodo": 16652, "w": 19832, "wd": 19832, "ratio_w": 1.19, "ratio_wd": 1.19}
{"key": "firefox-ios-1", "repo": "firefox-ios", "mb_is_base": true, "u3_same_body": true, "u3_exact": true, "u3d_exact": true, "qodo": 11807, "w": 112897, "wd": 112897, "ratio_w": 9.56, "ratio_wd": 9.56}
{"key": "Ghost-2", "repo": "Ghost", "mb_is_base": true, "u3_same_body": true, "u3_exact": true, "u3d_exact": true, "qodo": 7196, "w": 50206, "wd": 50206, "ratio_w": 6.98, "ratio_wd": 6.98}
{"key": "Ghost-3", "repo": "Ghost", "mb_is_base": true, "u3_same_body": true, "u3_exact": true, "u3d_exact": true, "qodo": 17428, "w": 31149, "wd": 31149, "ratio_w": 1.79, "ratio_wd": 1.79}
{"key": "Ghost-4", "repo": "Ghost", "mb_is_base": true, "u3_same_body": true, "u3_exact": true, "u3d_exact": true, "qodo": 35955, "w": 59481, "wd": 59481, "ratio_w": 1.65, "ratio_wd": 1.65}
{"key": "Ghost-5", "repo": "Ghost", "mb_is_base": true, "u3_same_body": true, "u3_exact": true, "u3d_exact": false, "qodo": 15200, "w": 31151, "wd": 31211, "ratio_w": 2.05, "ratio_wd": 2.05}
{"key": "tauri-2", "repo": "tauri", "mb_is_base": true, "u3_same_body": true, "u3_exact": true, "u3d_exact": true, "qodo": 22181, "w": 22684, "wd": 22684, "ratio_w": 1.02, "ratio_wd": 1.02}
{"key": "prefect-1", "repo": "prefect", "mb_is_base": true, "u3_same_body": true, "u3_exact": false, "u3d_exact": true, "qodo": 9867, "w": 121915, "wd": 122532, "ratio_w": 12.36, "ratio_wd": 12.42}
{"key": "cal.com-1", "repo": "cal.com", "mb_is_base": true, "u3_same_body": true, "u3_exact": true, "u3d_exact": true, "qodo": 39379, "w": 107286, "wd": 107286, "ratio_w": 2.72, "ratio_wd": 2.72}
{"key": "aspnetcore-1", "repo": "aspnetcore", "mb_is_base": true, "u3_same_body": true, "u3_exact": false, "u3d_exact": true, "qodo": 37182, "w": 79312, "wd": 68757, "ratio_w": 2.13, "ratio_wd": 1.85}
{"key": "firefox-ios-2", "repo": "firefox-ios", "mb_is_base": true, "u3_same_body": true, "u3_exact": true, "u3d_exact": true, "qodo": 53645, "w": 409936, "wd": 409936, "ratio_w": 7.64, "ratio_wd": 7.64}
{"key": "dify-1", "repo": "dify", "mb_is_base": true, "u3_same_body": true, "u3_exact": false, "u3d_exact": true, "qodo": 7807, "w": 10889, "wd": 10475, "ratio_w": 1.39, "ratio_wd": 1.34}
{"key": "redis-1", "repo": "redis", "mb_is_base": true, "u3_same_body": true, "u3_exact": true, "u3d_exact": true, "qodo": 33466, "w": 140303, "wd": 140498, "ratio_w": 4.19, "ratio_wd": 4.2}
{"key": "Ghost-6", "repo": "Ghost", "mb_is_base": true, "u3_same_body": true, "u3_exact": true, "u3d_exact": true, "qodo": 11077, "w": 106900, "wd": 106900, "ratio_w": 9.65, "ratio_wd": 9.65}
{"key": "Ghost-7", "repo": "Ghost", "mb_is_base": true, "u3_same_body": true, "u3_exact": true, "u3d_exact": false, "qodo": 181237, "w": 564747, "wd": 564022, "ratio_w": 3.12, "ratio_wd": 3.11}
{"key": "tauri-3", "repo": "tauri", "mb_is_base": true, "u3_same_body": true, "u3_exact": true, "u3d_exact": false, "qodo": 11224, "w": 15091, "wd": 15072, "ratio_w": 1.34, "ratio_wd": 1.34}
{"key": "prefect-2", "repo": "prefect", "mb_is_base": true, "u3_same_body": true, "u3_exact": false, "u3d_exact": false, "qodo": 32360, "w": 73496, "wd": 72948, "ratio_w": 2.27, "ratio_wd": 2.25}
{"key": "cal.com-2", "repo": "cal.com", "mb_is_base": true, "u3_same_body": true, "u3_exact": true, "u3d_exact": true, "qodo": 11026, "w": 24658, "wd": 24658, "ratio_w": 2.24, "ratio_wd": 2.24}
{"key": "aspnetcore-2", "repo": "aspnetcore", "mb_is_base": true, "u3_same_body": true, "u3_exact": false, "u3d_exact": true, "qodo": 15808, "w": 97281, "wd": 81539, "ratio_w": 6.15, "ratio_wd": 5.16}
{"key": "firefox-ios-3", "repo": "firefox-ios", "mb_is_base": true, "u3_same_body": true, "u3_exact": true, "u3d_exact": true, "qodo": 24121, "w": 3025729, "wd": 3025729, "ratio_w": 125.44, "ratio_wd": 125.44}
{"key": "dify-2", "repo": "dify", "mb_is_base": true, "u3_same_body": true, "u3_exact": true, "u3d_exact": true, "qodo": 23790, "w": 634843, "wd": 634843, "ratio_w": 26.69, "ratio_wd": 26.69}
{"key": "redis-2", "repo": "redis", "mb_is_base": true, "u3_same_body": true, "u3_exact": true, "u3d_exact": true, "qodo": 14844, "w": 73060, "wd": 73221, "ratio_w": 4.92, "ratio_wd": 4.93}
{"key": "tauri-4", "repo": "tauri", "mb_is_base": true, "u3_same_body": true, "u3_exact": true, "u3d_exact": false, "qodo": 13618, "w": 23898, "wd": 24253, "ratio_w": 1.75, "ratio_wd": 1.78}
{"key": "Ghost-8", "repo": "Ghost", "mb_is_base": true, "u3_same_body": true, "u3_exact": true, "u3d_exact": true, "qodo": 13876, "w": 25367, "wd": 25367, "ratio_w": 1.83, "ratio_wd": 1.83}
{"key": "prefect-3", "repo": "prefect", "mb_is_base": true, "u3_same_body": true, "u3_exact": true, "u3d_exact": true, "qodo": 57519, "w": 536669, "wd": 536669, "ratio_w": 9.33, "ratio_wd": 9.33}
{"key": "cal.com-3", "repo": "cal.com", "mb_is_base": true, "u3_same_body": true, "u3_exact": true, "u3d_exact": true, "qodo": 50815, "w": 167671, "wd": 167671, "ratio_w": 3.3, "ratio_wd": 3.3}
{"key": "firefox-ios-4", "repo": "firefox-ios", "mb_is_base": true, "u3_same_body": true, "u3_exact": true, "u3d_exact": true, "qodo": 10458, "w": 163811, "wd": 163811, "ratio_w": 15.66, "ratio_wd": 15.66}
{"key": "aspnetcore-3", "repo": "aspnetcore", "mb_is_base": true, "u3_same_body": true, "u3_exact": false, "u3d_exact": true, "qodo": 7730, "w": 128937, "wd": 47657, "ratio_w": 16.68, "ratio_wd": 6.17}
{"key": "dify-3", "repo": "dify", "mb_is_base": true, "u3_same_body": true, "u3_exact": false, "u3d_exact": true, "qodo": 47132, "w": 60192, "wd": 55462, "ratio_w": 1.28, "ratio_wd": 1.18}
{"key": "redis-3", "repo": "redis", "mb_is_base": true, "u3_same_body": true, "u3_exact": true, "u3d_exact": true, "qodo": 10128, "w": 28013, "wd": 28013, "ratio_w": 2.77, "ratio_wd": 2.77}
{"key": "Ghost-9", "repo": "Ghost", "mb_is_base": true, "u3_same_body": true, "u3_exact": true, "u3d_exact": true, "qodo": 22755, "w": 37601, "wd": 37601, "ratio_w": 1.65, "ratio_wd": 1.65}
{"key": "tauri-5", "repo": "tauri", "mb_is_base": true, "u3_same_body": true, "u3_exact": true, "u3d_exact": false, "qodo": 114150, "w": 221416, "wd": 233248, "ratio_w": 1.94, "ratio_wd": 2.04}
{"key": "prefect-4", "repo": "prefect", "mb_is_base": true, "u3_same_body": true, "u3_exact": true, "u3d_exact": true, "qodo": 30801, "w": 34917, "wd": 34917, "ratio_w": 1.13, "ratio_wd": 1.13}
{"key": "cal.com-4", "repo": "cal.com", "mb_is_base": true, "u3_same_body": true, "u3_exact": true, "u3d_exact": true, "qodo": 35361, "w": 1516256, "wd": 1516256, "ratio_w": 42.88, "ratio_wd": 42.88}
{"key": "aspnetcore-4", "repo": "aspnetcore", "mb_is_base": true, "u3_same_body": true, "u3_exact": false, "u3d_exact": false, "qodo": 34991, "w": 132999, "wd": 66483, "ratio_w": 3.8, "ratio_wd": 1.9}
{"key": "firefox-ios-5", "repo": "firefox-ios", "mb_is_base": true, "u3_same_body": true, "u3_exact": true, "u3d_exact": true, "qodo": 97405, "w": 3182858, "wd": 3182858, "ratio_w": 32.68, "ratio_wd": 32.68}
{"key": "dify-4", "repo": "dify", "mb_is_base": true, "u3_same_body": true, "u3_exact": false, "u3d_exact": true, "qodo": 32269, "w": 69294, "wd": 57352, "ratio_w": 2.15, "ratio_wd": 1.78}
{"key": "redis-4", "repo": "redis", "mb_is_base": true, "u3_same_body": true, "u3_exact": true, "u3d_exact": true, "qodo": 13170, "w": 92034, "wd": 92034, "ratio_w": 6.99, "ratio_wd": 6.99}
{"key": "Ghost-10", "repo": "Ghost", "mb_is_base": true, "u3_same_body": true, "u3_exact": true, "u3d_exact": true, "qodo": 29188, "w": 107211, "wd": 107211, "ratio_w": 3.67, "ratio_wd": 3.67}
{"key": "tauri-6", "repo": "tauri", "mb_is_base": true, "u3_same_body": true, "u3_exact": true, "u3d_exact": false, "qodo": 91098, "w": 112147, "wd": 101731, "ratio_w": 1.23, "ratio_wd": 1.12}
{"key": "prefect-5", "repo": "prefect", "mb_is_base": true, "u3_same_body": true, "u3_exact": false, "u3d_exact": true, "qodo": 6494, "w": 56263, "wd": 8372, "ratio_w": 8.66, "ratio_wd": 1.29}
{"key": "aspnetcore-5", "repo": "aspnetcore", "mb_is_base": true, "u3_same_body": true, "u3_exact": false, "u3d_exact": true, "qodo": 13301, "w": 124854, "wd": 17061, "ratio_w": 9.39, "ratio_wd": 1.28}
{"key": "cal.com-5", "repo": "cal.com", "mb_is_base": true, "u3_same_body": true, "u3_exact": true, "u3d_exact": true, "qodo": 43523, "w": 425740, "wd": 425740, "ratio_w": 9.78, "ratio_wd": 9.78}
{"key": "aspnetcore-6", "repo": "aspnetcore", "mb_is_base": true, "u3_same_body": true, "u3_exact": false, "u3d_exact": true, "qodo": 55567, "w": 191781, "wd": 73692, "ratio_w": 3.45, "ratio_wd": 1.33}
{"key": "firefox-ios-6", "repo": "firefox-ios", "mb_is_base": true, "u3_same_body": true, "u3_exact": true, "u3d_exact": true, "qodo": 22995, "w": 107455, "wd": 107455, "ratio_w": 4.67, "ratio_wd": 4.67}
{"key": "dify-5", "repo": "dify", "mb_is_base": true, "u3_same_body": true, "u3_exact": true, "u3d_exact": true, "qodo": 15572, "w": 92529, "wd": 92529, "ratio_w": 5.94, "ratio_wd": 5.94}
{"key": "redis-5", "repo": "redis", "mb_is_base": true, "u3_same_body": true, "u3_exact": true, "u3d_exact": true, "qodo": 10175, "w": 77886, "wd": 77886, "ratio_w": 7.65, "ratio_wd": 7.65}
{"key": "tauri-7", "repo": "tauri", "mb_is_base": true, "u3_same_body": true, "u3_exact": true, "u3d_exact": true, "qodo": 8148, "w": 500155, "wd": 10339, "ratio_w": 61.38, "ratio_wd": 1.27}
{"key": "Ghost-11", "repo": "Ghost", "mb_is_base": true, "u3_same_body": true, "u3_exact": true, "u3d_exact": true, "qodo": 15963, "w": 91789, "wd": 91789, "ratio_w": 5.75, "ratio_wd": 5.75}
{"key": "prefect-6", "repo": "prefect", "mb_is_base": true, "u3_same_body": true, "u3_exact": false, "u3d_exact": true, "qodo": 17420, "w": 22269, "wd": 23504, "ratio_w": 1.28, "ratio_wd": 1.35}
{"key": "aspnetcore-7", "repo": "aspnetcore", "mb_is_base": true, "u3_same_body": true, "u3_exact": false, "u3d_exact": true, "qodo": 10373, "w": 46149, "wd": 15893, "ratio_w": 4.45, "ratio_wd": 1.53}
{"key": "cal.com-6", "repo": "cal.com", "mb_is_base": true, "u3_same_body": true, "u3_exact": true, "u3d_exact": true, "qodo": 14348, "w": 29472, "wd": 29472, "ratio_w": 2.05, "ratio_wd": 2.05}
{"key": "dify-6", "repo": "dify", "mb_is_base": true, "u3_same_body": true, "u3_exact": false, "u3d_exact": true, "qodo": 7792, "w": 59579, "wd": 55341, "ratio_w": 7.65, "ratio_wd": 7.1}
{"key": "firefox-ios-7", "repo": "firefox-ios", "mb_is_base": true, "u3_same_body": true, "u3_exact": true, "u3d_exact": true, "qodo": 49849, "w": 301308, "wd": 301308, "ratio_w": 6.04, "ratio_wd": 6.04}
{"key": "redis-6", "repo": "redis", "mb_is_base": true, "u3_same_body": true, "u3_exact": true, "u3d_exact": true, "qodo": 11249, "w": 79768, "wd": 79768, "ratio_w": 7.09, "ratio_wd": 7.09}
{"key": "tauri-8", "repo": "tauri", "mb_is_base": true, "u3_same_body": true, "u3_exact": true, "u3d_exact": false, "qodo": 16846, "w": 37901, "wd": 37890, "ratio_w": 2.25, "ratio_wd": 2.25}
{"key": "Ghost-12", "repo": "Ghost", "mb_is_base": true, "u3_same_body": true, "u3_exact": true, "u3d_exact": true, "qodo": 35598, "w": 93713, "wd": 93713, "ratio_w": 2.63, "ratio_wd": 2.63}
{"key": "prefect-7", "repo": "prefect", "mb_is_base": true, "u3_same_body": true, "u3_exact": false, "u3d_exact": true, "qodo": 10971, "w": 13797, "wd": 16099, "ratio_w": 1.26, "ratio_wd": 1.47}
{"key": "aspnetcore-8", "repo": "aspnetcore", "mb_is_base": true, "u3_same_body": true, "u3_exact": false, "u3d_exact": true, "qodo": 43977, "w": 297254, "wd": 109030, "ratio_w": 6.76, "ratio_wd": 2.48}
{"key": "cal.com-7", "repo": "cal.com", "mb_is_base": true, "u3_same_body": true, "u3_exact": true, "u3d_exact": true, "qodo": 10400, "w": 54021, "wd": 54021, "ratio_w": 5.19, "ratio_wd": 5.19}
{"key": "dify-7", "repo": "dify", "mb_is_base": true, "u3_same_body": true, "u3_exact": true, "u3d_exact": false, "qodo": 30402, "w": 40771, "wd": 40364, "ratio_w": 1.34, "ratio_wd": 1.33}
{"key": "redis-7", "repo": "redis", "mb_is_base": true, "u3_same_body": true, "u3_exact": false, "u3d_exact": true, "qodo": 15921, "w": 139130, "wd": 141947, "ratio_w": 8.74, "ratio_wd": 8.92}
{"key": "firefox-ios-8", "repo": "firefox-ios", "mb_is_base": true, "u3_same_body": true, "u3_exact": true, "u3d_exact": true, "qodo": 71923, "w": 3240625, "wd": 3240625, "ratio_w": 45.06, "ratio_wd": 45.06}
{"key": "tauri-9", "repo": "tauri", "mb_is_base": true, "u3_same_body": true, "u3_exact": true, "u3d_exact": true, "qodo": 11517, "w": 1042434, "wd": 301610, "ratio_w": 90.51, "ratio_wd": 26.19}
{"key": "prefect-8", "repo": "prefect", "mb_is_base": true, "u3_same_body": true, "u3_exact": false, "u3d_exact": true, "qodo": 8118, "w": 37735, "wd": 40487, "ratio_w": 4.65, "ratio_wd": 4.99}
{"key": "prefect-9", "repo": "prefect", "mb_is_base": true, "u3_same_body": true, "u3_exact": true, "u3d_exact": true, "qodo": 3341, "w": 3341, "wd": 3341, "ratio_w": 1.0, "ratio_wd": 1.0}
{"key": "Ghost-13", "repo": "Ghost", "mb_is_base": true, "u3_same_body": true, "u3_exact": true, "u3d_exact": false, "qodo": 104050, "w": 144268, "wd": 145039, "ratio_w": 1.39, "ratio_wd": 1.39}
{"key": "cal.com-8", "repo": "cal.com", "mb_is_base": true, "u3_same_body": true, "u3_exact": true, "u3d_exact": true, "qodo": 25929, "w": 46190, "wd": 46190, "ratio_w": 1.78, "ratio_wd": 1.78}
{"key": "aspnetcore-9", "repo": "aspnetcore", "mb_is_base": true, "u3_same_body": true, "u3_exact": false, "u3d_exact": false, "qodo": 89353, "w": 173894, "wd": 177428, "ratio_w": 1.95, "ratio_wd": 1.99}
{"key": "dify-8", "repo": "dify", "mb_is_base": true, "u3_same_body": true, "u3_exact": true, "u3d_exact": true, "qodo": 4076, "w": 8964, "wd": 8964, "ratio_w": 2.2, "ratio_wd": 2.2}
{"key": "redis-8", "repo": "redis", "mb_is_base": true, "u3_same_body": true, "u3_exact": true, "u3d_exact": true, "qodo": 10072, "w": 39074, "wd": 39074, "ratio_w": 3.88, "ratio_wd": 3.88}
{"key": "tauri-10", "repo": "tauri", "mb_is_base": true, "u3_same_body": true, "u3_exact": true, "u3d_exact": false, "qodo": 6037, "w": 48533, "wd": 18158, "ratio_w": 8.04, "ratio_wd": 3.01}
{"key": "prefect-10", "repo": "prefect", "mb_is_base": true, "u3_same_body": true, "u3_exact": true, "u3d_exact": true, "qodo": 20075, "w": 20854, "wd": 20854, "ratio_w": 1.04, "ratio_wd": 1.04}
{"key": "firefox-ios-9", "repo": "firefox-ios", "mb_is_base": true, "u3_same_body": true, "u3_exact": true, "u3d_exact": true, "qodo": 25040, "w": 542224, "wd": 542224, "ratio_w": 21.65, "ratio_wd": 21.65}
{"key": "cal.com-9", "repo": "cal.com", "mb_is_base": true, "u3_same_body": true, "u3_exact": true, "u3d_exact": true, "qodo": 37721, "w": 59247, "wd": 59247, "ratio_w": 1.57, "ratio_wd": 1.57}
{"key": "aspnetcore-10", "repo": "aspnetcore", "mb_is_base": true, "u3_same_body": true, "u3_exact": false, "u3d_exact": true, "qodo": 30311, "w": 56626, "wd": 43591, "ratio_w": 1.87, "ratio_wd": 1.44}
{"key": "dify-9", "repo": "dify", "mb_is_base": true, "u3_same_body": true, "u3_exact": true, "u3d_exact": true, "qodo": 5562, "w": 6188, "wd": 6188, "ratio_w": 1.11, "ratio_wd": 1.11}
{"key": "redis-9", "repo": "redis", "mb_is_base": true, "u3_same_body": true, "u3_exact": true, "u3d_exact": true, "qodo": 5735, "w": 37735, "wd": 37735, "ratio_w": 6.58, "ratio_wd": 6.58}
{"key": "tauri-11", "repo": "tauri", "mb_is_base": true, "u3_same_body": true, "u3_exact": true, "u3d_exact": false, "qodo": 8777, "w": 14440, "wd": 14965, "ratio_w": 1.65, "ratio_wd": 1.71}
{"key": "prefect-11", "repo": "prefect", "mb_is_base": true, "u3_same_body": true, "u3_exact": false, "u3d_exact": true, "qodo": 22539, "w": 27361, "wd": 29162, "ratio_w": 1.21, "ratio_wd": 1.29}
{"key": "firefox-ios-10", "repo": "firefox-ios", "mb_is_base": true, "u3_same_body": true, "u3_exact": true, "u3d_exact": true, "qodo": 21146, "w": 2917753, "wd": 2917753, "ratio_w": 137.98, "ratio_wd": 137.98}
{"key": "dify-10", "repo": "dify", "mb_is_base": true, "u3_same_body": true, "u3_exact": false, "u3d_exact": true, "qodo": 25781, "w": 43160, "wd": 27138, "ratio_w": 1.67, "ratio_wd": 1.05}
{"key": "cal.com-10", "repo": "cal.com", "mb_is_base": true, "u3_same_body": true, "u3_exact": true, "u3d_exact": true, "qodo": 107805, "w": 235829, "wd": 235829, "ratio_w": 2.19, "ratio_wd": 2.19}
{"key": "tauri-12", "repo": "tauri", "mb_is_base": true, "u3_same_body": true, "u3_exact": true, "u3d_exact": false, "qodo": 16500, "w": 329030, "wd": 329051, "ratio_w": 19.94, "ratio_wd": 19.94}
{"key": "prefect-12", "repo": "prefect", "mb_is_base": true, "u3_same_body": true, "u3_exact": true, "u3d_exact": true, "qodo": 15312, "w": 22127, "wd": 22127, "ratio_w": 1.45, "ratio_wd": 1.45}
{"key": "firefox-ios-11", "repo": "firefox-ios", "mb_is_base": true, "u3_same_body": true, "u3_exact": true, "u3d_exact": true, "qodo": 14230, "w": 274805, "wd": 274805, "ratio_w": 19.31, "ratio_wd": 19.31}
{"key": "dify-11", "repo": "dify", "mb_is_base": true, "u3_same_body": true, "u3_exact": false, "u3d_exact": true, "qodo": 14377, "w": 72028, "wd": 35370, "ratio_w": 5.01, "ratio_wd": 2.46}
{"key": "cal.com-11", "repo": "cal.com", "mb_is_base": true, "u3_same_body": true, "u3_exact": true, "u3d_exact": false, "qodo": 17980, "w": 174235, "wd": 174583, "ratio_w": 9.69, "ratio_wd": 9.71}
{"key": "prefect-13", "repo": "prefect", "mb_is_base": true, "u3_same_body": true, "u3_exact": true, "u3d_exact": true, "qodo": 19382, "w": 19670, "wd": 19670, "ratio_w": 1.01, "ratio_wd": 1.01}
{"key": "tauri-13", "repo": "tauri", "mb_is_base": true, "u3_same_body": true, "u3_exact": true, "u3d_exact": false, "qodo": 25561, "w": 1352622, "wd": 333707, "ratio_w": 52.92, "ratio_wd": 13.06}
{"key": "firefox-ios-12", "repo": "firefox-ios", "mb_is_base": true, "u3_same_body": true, "u3_exact": true, "u3d_exact": true, "qodo": 8941, "w": 12985, "wd": 12985, "ratio_w": 1.45, "ratio_wd": 1.45}
{"key": "dify-12", "repo": "dify", "mb_is_base": true, "u3_same_body": true, "u3_exact": false, "u3d_exact": true, "qodo": 48901, "w": 510951, "wd": 112238, "ratio_w": 10.45, "ratio_wd": 2.3}
{"key": "cal.com-12", "repo": "cal.com", "mb_is_base": true, "u3_same_body": true, "u3_exact": true, "u3d_exact": true, "qodo": 10094, "w": 60007, "wd": 60007, "ratio_w": 5.94, "ratio_wd": 5.94}
{"key": "cal.com-13", "repo": "cal.com", "mb_is_base": true, "u3_same_body": true, "u3_exact": true, "u3d_exact": true, "qodo": 16796, "w": 30261, "wd": 30261, "ratio_w": 1.8, "ratio_wd": 1.8}
{"key": "firefox-ios-13", "repo": "firefox-ios", "mb_is_base": true, "u3_same_body": true, "u3_exact": true, "u3d_exact": true, "qodo": 7903, "w": 165092, "wd": 165092, "ratio_w": 20.89, "ratio_wd": 20.89}
{"key": "dify-13", "repo": "dify", "mb_is_base": true, "u3_same_body": true, "u3_exact": false, "u3d_exact": true, "qodo": 14116, "w": 16225, "wd": 15383, "ratio_w": 1.15, "ratio_wd": 1.09}
{"key": "cal.com-14", "repo": "cal.com", "mb_is_base": true, "u3_same_body": true, "u3_exact": true, "u3d_exact": true, "qodo": 28405, "w": 59642, "wd": 59642, "ratio_w": 2.1, "ratio_wd": 2.1}
{"key": "cal.com-15", "repo": "cal.com", "mb_is_base": true, "u3_same_body": true, "u3_exact": true, "u3d_exact": true, "qodo": 9844, "w": 25801, "wd": 25801, "ratio_w": 2.62, "ratio_wd": 2.62}
{"key": "cal.com-16", "repo": "cal.com", "mb_is_base": true, "u3_same_body": true, "u3_exact": true, "u3d_exact": true, "qodo": 10177, "w": 37556, "wd": 37556, "ratio_w": 3.69, "ratio_wd": 3.69}
共 100｜錯誤 0｜去掉函式名稱後與 Qodo 相同 100｜逐字相同 plain 74、drivers 82
exit=0
