=== ph-A3（arm A）開始 2026-10-01 08:09:56 UTC
probe  run1 exit=0 findings=3 8.3s
probe  run2 exit=0 findings=3 8.2s
probe  run3 exit=0 findings=3 8.1s
probe  run4 exit=0 findings=4 10.0s
probe  run5 exit=0 findings=5 12.4s
python run1 exit=0 findings=6 12.3s
python run2 exit=0 findings=7 15.5s
python run3 exit=0 findings=7 16.2s
python run4 exit=0 findings=7 16.1s
python run5 exit=0 findings=8 16.6s
shell  run1 exit=0 findings=7 13.3s
shell  run2 exit=0 findings=6 17.3s
shell  run3 exit=0 findings=6 13.2s
shell  run4 exit=0 findings=7 23.6s
shell  run5 exit=0 findings=6 12.9s
成功 15/15｜prompt 48160（cache hit 47360）｜completion 24137
=== ph-A3 結束 2026-10-01 08:10:42 UTC
=== ph-B3（arm B）開始 2026-10-01 08:10:42 UTC
probe  run1 exit=0 findings=5 13.4s
probe  run2 exit=0 findings=4 11.1s
probe  run3 exit=0 findings=5 12.5s
probe  run4 exit=0 findings=4 11.8s
probe  run5 exit=0 findings=4 10.2s
python run1 exit=0 findings=8 17.5s
python run2 exit=0 findings=6 18.0s
python run3 exit=0 findings=6 17.1s
python run4 exit=0 findings=7 15.2s
python run5 exit=0 findings=6 13.5s
shell  run1 exit=0 findings=7 13.6s
shell  run2 exit=0 findings=8 18.7s
shell  run3 exit=0 findings=8 16.9s
shell  run4 exit=0 findings=6 14.2s
shell  run5 exit=0 findings=6 14.5s
成功 15/15｜prompt 45920（cache hit 44800）｜completion 26035
=== ph-B3 結束 2026-10-01 08:11:28 UTC
=== ph-A4（arm A）開始 2026-10-01 08:11:28 UTC
probe  run1 exit=0 findings=3 8.4s
probe  run2 exit=0 findings=5 13.4s
probe  run3 exit=0 findings=3 9.0s
probe  run4 exit=0 findings=4 9.4s
probe  run5 exit=0 findings=4 9.6s
python run1 exit=0 findings=8 15.8s
python run2 exit=0 findings=6 16.4s
python run3 exit=0 findings=7 17.8s
python run4 exit=0 findings=7 16.3s
python run5 exit=0 findings=7 13.2s
shell  run1 exit=0 findings=7 19.6s
shell  run2 exit=0 findings=7 15.2s
shell  run3 exit=0 findings=7 16.9s
shell  run4 exit=0 findings=8 19.3s
shell  run5 exit=0 findings=6 16.0s
成功 15/15｜prompt 48160（cache hit 47360）｜completion 26590
=== ph-A4 結束 2026-10-01 08:12:15 UTC
=== ph-B4（arm B）開始 2026-10-01 08:12:15 UTC
probe  run1 exit=0 findings=5 10.7s
probe  run2 exit=0 findings=4 8.9s
probe  run3 exit=0 findings=4 11.5s
probe  run4 exit=0 findings=3 8.5s
probe  run5 exit=0 findings=4 9.8s
python run1 exit=0 findings=7 15.3s
python run2 exit=0 findings=8 18.0s
python run3 exit=0 findings=8 16.9s
python run4 exit=0 findings=6 13.7s
python run5 exit=0 findings=8 15.5s
shell  run1 exit=0 findings=7 15.0s
shell  run2 exit=0 findings=7 15.1s
shell  run3 exit=0 findings=6 12.9s
shell  run4 exit=0 findings=7 15.4s
shell  run5 exit=0 findings=6 11.6s
成功 15/15｜prompt 45920（cache hit 44800）｜completion 23789
=== ph-B4 結束 2026-10-01 08:12:57 UTC
